../Core/Src/main.c:36:1:__io_putchar	16	static
../Core/Src/main.c:45:1:__io_getchar	16	static
../Core/Src/main.c:60:5:main	56	static
../Core/Src/main.c:148:6:SystemClock_Config	88	static
../Core/Src/main.c:191:13:MX_I2S1_Init	8	static
../Core/Src/main.c:211:13:MX_SPI2_Init	8	static
../Core/Src/main.c:234:13:MX_USART2_UART_Init	8	static
../Core/Src/main.c:252:13:MX_DMA_Init	16	static
../Core/Src/main.c:266:13:MX_GPIO_Init	24	static
../Core/Src/main.c:276:6:Error_Handler	8	static,ignoring_inline_asm
../Core/Src/main.c:301:6:read_register	24	static
../Core/Src/main.c:311:6:write_register	16	static
../Core/Src/main.c:319:6:help_menu	8	static
