../Core/Src/main.c:37:1:__io_putchar	16	static
../Core/Src/main.c:46:1:__io_getchar	16	static
../Core/Src/main.c:61:5:main	64	static
../Core/Src/main.c:182:6:SystemClock_Config	88	static
../Core/Src/main.c:227:13:MX_I2S1_Init	8	static
../Core/Src/main.c:255:13:MX_USART2_UART_Init	8	static
../Core/Src/main.c:275:13:MX_GPIO_Init	24	static
../Core/Src/main.c:288:6:read_register	24	static
../Core/Src/main.c:300:6:write_register	16	static
../Core/Src/main.c:310:6:help_menu	8	static
../Core/Src/main.c:332:6:Error_Handler	8	static,ignoring_inline_asm
